
======================================================================
nova execucao (pca) em 2026-09-16 06:31:02.107442
======================================================================
=== 0. Metodo de reducao dimensional: pca | hiperparametros: hidden_size=128 dropout=0.1 lr=0.001 ===
=== 1. Carregando dados ===
Dados ja baixados em cache, reaproveitando: /home/mazeeqe/.cache/kagglehub/competitions/previsao-climatica-de-precipitacao-sobre-a-america-do-sul
Carregado 'sample_submission' (csv): 1885464 linhas x 2 colunas
Carregado 'teste_features' (netcdf): dims=(time=24, lat=301, lon=261), variáveis=['t2', 'cloud_cover', 'shum_850', 'surface_pressure', 'u_850', 'v_850', 'temperature_850', 'rel_hum_850', 'geopotential_850', 'tp_alvo', 'tp_ultima_obs']
Carregado 'treino_cloud_cover' (netcdf): dims=(time=996, lat=301, lon=261), variáveis=['cloud_cover']
Carregado 'treino_geopotential_850' (netcdf): dims=(time=996, lat=301, lon=261), variáveis=['geopotential_850']
Carregado 'treino_rel_hum_850' (netcdf): dims=(time=996, lat=301, lon=261), variáveis=['rel_hum_850']
Carregado 'treino_shum_850' (netcdf): dims=(time=996, lat=301, lon=261), variáveis=['shum_850']
Carregado 'treino_surface_pressure' (netcdf): dims=(time=996, lat=301, lon=261), variáveis=['surface_pressure']
Carregado 'treino_t2' (netcdf): dims=(time=996, lat=301, lon=261), variáveis=['t2']
Carregado 'treino_temperature_850' (netcdf): dims=(time=996, lat=301, lon=261), variáveis=['temperature_850']
Carregado 'treino_tp' (netcdf): dims=(time=996, lat=301, lon=261), variáveis=['tp']
Carregado 'treino_tp_alvo' (netcdf): dims=(time=996, lat=301, lon=261), variáveis=['tp_alvo']
Carregado 'treino_u_850' (netcdf): dims=(time=996, lat=301, lon=261), variáveis=['u_850']
Carregado 'treino_v_850' (netcdf): dims=(time=996, lat=301, lon=261), variáveis=['v_850']
  996 meses (1940-01-01 a 2022-12-01)
  origens de treino interno ate indice 947 (2018-12-01)
  origens de validacao interna ate indice 995 (2022-12-01)

=== 2. Reduzindo dimensionalidade por variavel (pca, so no treino interno) ===
  PCA[tp] (referencia): 85 componentes explicam 90.0% da variancia (treino interno)
  PCA[t2]: 3 componentes explicam 90.5% da variancia de X (treino interno)
  PCA[cloud_cover]: 29 componentes explicam 90.1% da variancia de X (treino interno)
  PCA[shum_850]: 12 componentes explicam 90.1% da variancia de X (treino interno)
  PCA[surface_pressure]: 6 componentes explicam 90.8% da variancia de X (treino interno)
  PCA[u_850]: 18 componentes explicam 90.3% da variancia de X (treino interno)
  PCA[v_850]: 21 componentes explicam 90.4% da variancia de X (treino interno)
  PCA[temperature_850]: 6 componentes explicam 91.6% da variancia de X (treino interno)
  PCA[rel_hum_850]: 31 componentes explicam 90.1% da variancia de X (treino interno)
  PCA[geopotential_850]: 6 componentes explicam 92.3% da variancia de X (treino interno)

=== 3. Montando exemplos (contrato origem + lag) ===
  treino: 22188 exemplos | validacao: 852 exemplos

=== 4. Treinando (selecao de epocas via validacao interna) ===
  epoca  1/25 | treino MSE(pca) 118.1631 | val MSE(pca) 77.5120
  epoca  2/25 | treino MSE(pca) 67.2560 | val MSE(pca) 72.1957
  epoca  3/25 | treino MSE(pca) 60.6074 | val MSE(pca) 71.2988
  epoca  4/25 | treino MSE(pca) 57.1446 | val MSE(pca) 70.4116
  epoca  5/25 | treino MSE(pca) 54.8676 | val MSE(pca) 72.5420
  epoca  6/25 | treino MSE(pca) 53.2939 | val MSE(pca) 72.7264
  epoca  7/25 | treino MSE(pca) 52.0594 | val MSE(pca) 73.3901
  epoca  8/25 | treino MSE(pca) 51.1116 | val MSE(pca) 72.9680
  epoca  9/25 | treino MSE(pca) 50.1154 | val MSE(pca) 75.1664
  early stopping na epoca 9 (melhor: 4)
  treino concluido em 403s | melhor epoca: 4 | val MSE(pca): 70.4116

=== 5. Avaliando contra baselines (grade real, mm/dia) ===
  PCA+LSTM              RMSE=1.521  MAE=0.910  (mm/dia)
  Persistencia  RMSE=4.004  MAE=2.372  (mm/dia)
  Climatologia  RMSE=1.891  MAE=1.137  (mm/dia)

=== 5b. Salvando artefatos para visualizacao (experiments/) ===
  history.csv, metrics.json e sample_grids.npz salvos em experiments/pca_lstm_run1/

=== 6. Retreinando com todo o historico rotulado (1940-2022) ===
  epoca  1/4 | MSE(pca) 115.2129
  epoca  2/4 | MSE(pca) 66.3669
  epoca  3/4 | MSE(pca) 60.1711
  epoca  4/4 | MSE(pca) 57.0912
  modelo final e objetos de reducao salvos em experiments/pca_lstm_run1/

=== 7. Prevendo o teste real (2023-2024) ===

=== 8. Gerando submissao ===
Dados ja baixados em cache, reaproveitando: /home/mazeeqe/.cache/kagglehub/competitions/previsao-climatica-de-precipitacao-sobre-a-america-do-sul
  salvo em submissions/submission_pca_lstm.csv (1885464 linhas)
